// 重构日志: c5cc5143
// 同步 ID: 3e7270f7 @ Sat Jul 25 04:46:56 UTC 2026
// 重构日志: c5634014
// 同步 ID: 5d81e276 @ Sat Jul 25 17:46:36 UTC 2026
// 重构日志: edf0486e
// 同步 ID: 8d69607d @ Mon Jul 27 06:01:27 UTC 2026
// 重构日志: 918a25e6
// 重构日志: 63507a18
// 重构日志: d548a5f3
// 同步 ID: 874b9d9c @ Wed Jul 29 08:47:02 UTC 2026
// 重构日志: 5e106aa5
// 同步 ID: 07aaaa47 @ Thu Jul 30 10:12:30 UTC 2026
// 同步 ID: 009db171 @ Fri Jul 31 15:36:14 UTC 2026
// 重构日志: b2d97281
// 重构日志: e0d5bf99
// 同步 ID: 44e0aecc @ Sun Aug  2 16:13:10 UTC 2026
// 重构日志: bd2873a3
// 重构日志: d75e46f3
// 重构日志: 3fcce9ab
// 重构日志: 5c266837
// 重构日志: b2d1fda7
// 重构日志: 4466f006
// 同步 ID: 8c44b181 @ Fri Aug  7 15:33:56 UTC 2026
// 同步 ID: 46b8051a @ Fri Aug  7 16:34:03 UTC 2026
// 重构日志: 5080ca61
// 重构日志: b9511953
// 同步 ID: 854be967 @ Fri Aug  7 22:07:49 UTC 2026
// 重构日志: 6beab2a1
// 同步 ID: 7b6ec047 @ Sat Aug  8 08:35:03 UTC 2026
// 同步 ID: 6b959352 @ Sat Aug  8 10:03:54 UTC 2026
// 重构日志: bdc59814
// 重构日志: 34024970
// 重构日志: a845105b
